[DEBUG] Bootstrap command started
[DEBUG] Cluster Name: hub
[DEBUG] OS Type: ubuntu
[DEBUG] Region: fsn1
[DEBUG] Image ID: 
[DEBUG] Network CIDR: 10.0.0.0/16
[DEBUG] Dry Run: false
[DEBUG] HCLOUD_TOKEN: lHc5...xN3z
🚀 Starting Hub Cluster bootstrap...
   Cluster Name: hub
   OS Type: ubuntu
   Region: fsn1
   Network CIDR: 10.0.0.0/16

[preflight] Running validation checks...
[preflight] Found existing state at phase 'pivot-move' - will resume
[preflight] ✓ All checks passed
[DEBUG] Orchestrator.Run() started
[DEBUG] ClusterName: hub, Region: fsn1, OSType: ubuntu, Upgrade: false

[recovery] Found existing state for cluster 'hub'
[recovery] Last completed phase: pivot-move
[recovery] Resuming from next phase...
[DEBUG] Completed phases: [bootstrap-create capi-init cluster-provision]
[bootstrap-create] ✓ Skipped (already completed)
[capi-init] ✓ Skipped (already completed)
[cluster-provision] ✓ Skipped (already completed)

[pivot] Moving CAPI resources to Management Cluster...
[DEBUG] Refreshed kubeconfig from kind
[pivot] Waiting for all nodes to join cluster...
[pivot] ✓ All nodes joined
[pivot] ✓ Kubeconfig saved to k8-secrets\kubeconfig\hub.kubeconfig
[pivot] Installing cert-manager...
[pivot] ✓ cert-manager manifests applied
[pivot] Waiting for cert-manager API...
[pivot] Waiting for cert-manager webhook to become fully functional...
[pivot] Installing cluster-api-operator...
[pivot] Applying prerequisites (Namespaces, Certificates, RBAC)...
[pivot] Applying CRDs and Webhooks...
[pivot] Waiting for cert-manager cainjector to inject CA bundles...
[pivot] Waiting for CRDs to be Established...
[pivot] Applying Operator Deployments...
[pivot] Waiting for operator...
[pivot] Applying provider manifests...
[pivot] ✓ Operator CRDs established and webhook endpoint ready
[pivot] Waiting for CAPI CRDs...
[pivot] ✓ CAPI CRDs ready
[pivot] Creating namespace...
[pivot] Creating Hetzner credentials secret...
[pivot] ✓ Resources moved to Management Cluster

[pivot-ready] Waiting for cluster reconciliation after move...
[pivot] Recreating Hetzner credentials secret...
[pivot] ✓ CoreProvider/cluster-api ready on Management Cluster
[pivot] ✓ BootstrapProvider/kubeadm ready on Management Cluster
[pivot] ✓ ControlPlaneProvider/kubeadm ready on Management Cluster
[pivot] ✓ InfrastructureProvider/hetzner ready on Management Cluster
[pivot] ✓ Cluster Ready condition satisfied
[pivot-ready] ✓ Cluster ready on Management Cluster

[cleanup] Deleting bootstrap cluster...
[cleanup] ✓ Bootstrap cluster deleted

[clusterclass-deploy] Deploying ClusterClass library...
[clusterclass-deploy] ✓ Applied classes/hetzner-mgmt-ubuntu-v1.yaml
[clusterclass-deploy] ✓ ClusterClass library deployed

[postboot] Installing platform components...
[postboot] Creating hetzner secret for CSI...
[postboot] Installing hetzner-csi...
[postboot] ✓ hetzner-csi ready
[postboot] Installing argocd...
[postboot] ✓ argocd ready
[postboot] ✓ All components installed
[postboot] Applying 01-platform-infra boundary...
[postboot] ✓ 01-platform-infra boundary applied
[postboot] Waiting for operators to establish webhooks...
[postboot] ✓ Operators ready
[postboot] Applying 02-platform-data boundary...
[postboot] ✓ 02-platform-data boundary applied
[postboot] Applying 03-platform-services boundary...
[postboot] ✓ 03-platform-services boundary applied

[config] Saving kubeconfig and talosconfig...
[config] ✓ Kubeconfig saved to: k8-secrets\kubeconfig\hub.kubeconfig

✓ Management Cluster bootstrap complete!
  Cluster Name: hub
  Region: fsn1
  Kubeconfig: k8-secrets\kubeconfig\hub.kubeconfig
  ArgoCD Password: X3nddATi5uRiFuXX

Next steps:
1. Verify cluster: kubectl --kubeconfig=k8-secrets\kubeconfig\hub.kubeconfig get nodes
3. Access ArgoCD UI (username: admin)
