🗑️  Tearing down ALL Spoke Clusters

[spoke-teardown] ⚠️  Force deletion mode enabled
[spoke-teardown] This will delete spoke resources directly via Hetzner API
[spoke-teardown] Found 4 spoke cluster(s) to delete
[spoke-teardown] Deleting spoke cluster: spoke-pool-eu
[spoke-teardown] Deleting server: spoke-pool-eu-prod-01-wb4zf-xfdnf (ID: 134594706)
[spoke-teardown] ✓ Deleted server: spoke-pool-eu-prod-01-wb4zf-xfdnf
[spoke-teardown] Deleting server: spoke-pool-eu-prod-01-md-0-76sk7-phr57-xfqjl (ID: 134595128)
[spoke-teardown] ✓ Deleted server: spoke-pool-eu-prod-01-md-0-76sk7-phr57-xfqjl
[spoke-teardown] Deleting server: spoke-pool-eu-prod-01-md-0-76sk7-phr57-67xb7 (ID: 134595166)
[spoke-teardown] ✓ Deleted server: spoke-pool-eu-prod-01-md-0-76sk7-phr57-67xb7
[spoke-teardown] Deleting load balancer: spoke-pool-eu-prod-01-c952c-kube-apiserver-5jfq5 (ID: 6482547)
[spoke-teardown] ✓ Deleted load balancer: spoke-pool-eu-prod-01-c952c-kube-apiserver-5jfq5
[spoke-teardown] Deleting network: spoke-pool-eu-prod-01-c952c (ID: 12283959)
[spoke-teardown] ✓ Deleted network: spoke-pool-eu-prod-01-c952c
[spoke-teardown] ✓ Deleted spoke cluster: spoke-pool-eu
[spoke-teardown] Deleting spoke cluster: spoke-pool-eu-prod-01-wb4zf-xfdnf
[spoke-teardown] ✓ Deleted spoke cluster: spoke-pool-eu-prod-01-wb4zf-xfdnf
[spoke-teardown] Deleting spoke cluster: spoke-pool-eu-prod-01-md-0-76sk7-phr57-xfqjl
[spoke-teardown] ✓ Deleted spoke cluster: spoke-pool-eu-prod-01-md-0-76sk7-phr57-xfqjl
[spoke-teardown] Deleting spoke cluster: spoke-pool-eu-prod-01-md-0-76sk7-phr57-67xb7
[spoke-teardown] ✓ Deleted spoke cluster: spoke-pool-eu-prod-01-md-0-76sk7-phr57-67xb7
[spoke-teardown] ✓ Spoke cluster deletion complete

✓ All Spoke Clusters successfully torn down
